// Jest Snapshot v1, https://goo.gl/fbAQLP

exports[`should mach with snapshot 1`] = `
<View
  style={
    Object {
      "flexDirection": "row",
    }
  }
>
  <Text
    allowFontScaling={false}
    selectable={false}
    style={
      Array [
        Object {
          "color": "#eeee",
          "fontSize": 25,
        },
        undefined,
        Object {
          "fontFamily": "FontAwesome",
          "fontStyle": "normal",
          "fontWeight": "normal",
        },
        Object {},
      ]
    }
    testID="list-icon-name"
  >
    
  </Text>
</View>
`;
